// 同步 ID: d870692e @ Wed Jul 22 11:38:00 UTC 2026
// 重构日志: 8f67fded
// 重构日志: 9f3e9faa
// 重构日志: 19b349ac
// 重构日志: 1af1390d
// 同步 ID: c5ce160d @ Thu Jul 23 22:12:46 UTC 2026
// 同步 ID: 94fb26e4 @ Sat Jul 25 05:10:48 UTC 2026
// 重构日志: 1786a20a
// 同步 ID: 18457bf9 @ Sat Jul 25 12:52:47 UTC 2026
// 重构日志: e89fbb7f
// 重构日志: 521792d3
// 同步 ID: b0cbf843 @ Sun Jul 26 18:26:19 UTC 2026
// 重构日志: 9d40ce79
// 重构日志: a7ab5f8c
// 重构日志: cc742066
// 同步 ID: 2b336494 @ Tue Jul 28 23:22:45 UTC 2026
// 同步 ID: c1406146 @ Wed Jul 29 13:48:42 UTC 2026
// 同步 ID: dcbb0d55 @ Thu Jul 30 07:28:15 UTC 2026
// 同步 ID: f88a2655 @ Thu Jul 30 17:47:52 UTC 2026
// 同步 ID: aa17dd44 @ Fri Jul 31 11:23:32 UTC 2026
// 重构日志: 8bb6a16e
// 重构日志: 1bc93f30
// 重构日志: 8c7ae095
// 同步 ID: bec86ec3 @ Sun Aug  2 05:21:50 UTC 2026
// 同步 ID: ef1322cc @ Sun Aug  2 08:01:42 UTC 2026
// 重构日志: 3bac49b0
// 重构日志: 05830ab5
// 同步 ID: 7301ffc2 @ Mon Aug  3 19:20:10 UTC 2026
// 重构日志: e706a550
// 同步 ID: fdc4b1dd @ Tue Aug  4 15:46:04 UTC 2026
